Tue Jul 21 10:09:01 UTC 2026 - Commit number 1
Tue Jul 21 10:09:01 UTC 2026 - Commit number 2
Tue Jul 21 10:09:01 UTC 2026 - Commit number 3
Tue Jul 21 10:09:01 UTC 2026 - Commit number 4
Tue Jul 21 10:09:01 UTC 2026 - Commit number 5
Wed Jul 22 04:12:30 UTC 2026 - Commit number 1
Wed Jul 22 04:12:30 UTC 2026 - Commit number 2
Wed Jul 22 04:12:30 UTC 2026 - Commit number 3
Wed Jul 22 04:12:30 UTC 2026 - Commit number 4
Wed Jul 22 04:12:30 UTC 2026 - Commit number 5
Wed Jul 22 20:18:20 UTC 2026 - Commit number 1
Wed Jul 22 20:18:20 UTC 2026 - Commit number 2
Wed Jul 22 20:18:20 UTC 2026 - Commit number 3
Wed Jul 22 20:18:20 UTC 2026 - Commit number 4
Wed Jul 22 20:18:20 UTC 2026 - Commit number 5
Wed Jul 22 20:18:20 UTC 2026 - Commit number 6
Wed Jul 22 20:18:20 UTC 2026 - Commit number 7
Wed Jul 22 20:18:20 UTC 2026 - Commit number 8
Wed Jul 22 20:18:20 UTC 2026 - Commit number 9
Wed Jul 22 20:23:10 UTC 2026 - Commit number 1
Wed Jul 22 20:23:10 UTC 2026 - Commit number 2
Wed Jul 22 20:23:10 UTC 2026 - Commit number 3
Wed Jul 22 20:23:10 UTC 2026 - Commit number 4
Wed Jul 22 20:23:10 UTC 2026 - Commit number 5
Wed Jul 22 20:23:10 UTC 2026 - Commit number 6
Wed Jul 22 20:23:10 UTC 2026 - Commit number 7
Wed Jul 22 20:23:10 UTC 2026 - Commit number 8
Wed Jul 22 20:23:10 UTC 2026 - Commit number 9
Wed Jul 22 20:43:32 UTC 2026 - CORRECT EMAIL - Commit #1
Wed Jul 22 20:43:32 UTC 2026 - CORRECT EMAIL - Commit #2
Wed Jul 22 20:43:32 UTC 2026 - CORRECT EMAIL - Commit #3
Wed Jul 22 20:43:32 UTC 2026 - CORRECT EMAIL - Commit #4
Wed Jul 22 20:43:32 UTC 2026 - CORRECT EMAIL - Commit #5
Wed Jul 22 20:43:32 UTC 2026 - CORRECT EMAIL - Commit #6
Wed Jul 22 20:43:32 UTC 2026 - CORRECT EMAIL - Commit #7
Wed Jul 22 20:43:32 UTC 2026 - CORRECT EMAIL - Commit #8
Thu Jul 23 21:28:39 UTC 2026 - CORRECT EMAIL - Commit #1
Thu Jul 23 21:28:39 UTC 2026 - CORRECT EMAIL - Commit #2
Thu Jul 23 21:28:39 UTC 2026 - CORRECT EMAIL - Commit #3
Thu Jul 23 21:28:39 UTC 2026 - CORRECT EMAIL - Commit #4
Thu Jul 23 21:28:39 UTC 2026 - CORRECT EMAIL - Commit #5
Thu Jul 23 21:28:39 UTC 2026 - CORRECT EMAIL - Commit #6
Thu Jul 23 21:28:39 UTC 2026 - CORRECT EMAIL - Commit #7
Thu Jul 23 21:28:39 UTC 2026 - CORRECT EMAIL - Commit #8
Fri Jul 24 21:20:44 UTC 2026 - CORRECT EMAIL - Commit #1
Fri Jul 24 21:20:44 UTC 2026 - CORRECT EMAIL - Commit #2
Fri Jul 24 21:20:44 UTC 2026 - CORRECT EMAIL - Commit #3
Fri Jul 24 21:20:44 UTC 2026 - CORRECT EMAIL - Commit #4
Fri Jul 24 21:20:44 UTC 2026 - CORRECT EMAIL - Commit #5
Fri Jul 24 21:20:44 UTC 2026 - CORRECT EMAIL - Commit #6
Fri Jul 24 21:20:44 UTC 2026 - CORRECT EMAIL - Commit #7
Fri Jul 24 21:20:44 UTC 2026 - CORRECT EMAIL - Commit #8
Sat Jul 25 21:08:52 UTC 2026 - CORRECT EMAIL - Commit #1
Sat Jul 25 21:08:52 UTC 2026 - CORRECT EMAIL - Commit #2
Sat Jul 25 21:08:52 UTC 2026 - CORRECT EMAIL - Commit #3
Sat Jul 25 21:08:52 UTC 2026 - CORRECT EMAIL - Commit #4
Sat Jul 25 21:08:52 UTC 2026 - CORRECT EMAIL - Commit #5
Sat Jul 25 21:08:52 UTC 2026 - CORRECT EMAIL - Commit #6
Sat Jul 25 21:08:52 UTC 2026 - CORRECT EMAIL - Commit #7
Sat Jul 25 21:08:52 UTC 2026 - CORRECT EMAIL - Commit #8
Sun Jul 26 21:11:37 UTC 2026 - CORRECT EMAIL - Commit #1
Sun Jul 26 21:11:37 UTC 2026 - CORRECT EMAIL - Commit #2
Sun Jul 26 21:11:37 UTC 2026 - CORRECT EMAIL - Commit #3
Sun Jul 26 21:11:37 UTC 2026 - CORRECT EMAIL - Commit #4
Sun Jul 26 21:11:37 UTC 2026 - CORRECT EMAIL - Commit #5
Sun Jul 26 21:11:37 UTC 2026 - CORRECT EMAIL - Commit #6
Sun Jul 26 21:11:37 UTC 2026 - CORRECT EMAIL - Commit #7
Sun Jul 26 21:11:37 UTC 2026 - CORRECT EMAIL - Commit #8
Mon Jul 27 21:29:57 UTC 2026 - CORRECT EMAIL - Commit #1
Mon Jul 27 21:29:57 UTC 2026 - CORRECT EMAIL - Commit #2
Mon Jul 27 21:29:57 UTC 2026 - CORRECT EMAIL - Commit #3
Mon Jul 27 21:29:57 UTC 2026 - CORRECT EMAIL - Commit #4
Mon Jul 27 21:29:57 UTC 2026 - CORRECT EMAIL - Commit #5
Mon Jul 27 21:29:57 UTC 2026 - CORRECT EMAIL - Commit #6
Mon Jul 27 21:29:57 UTC 2026 - CORRECT EMAIL - Commit #7
Mon Jul 27 21:29:57 UTC 2026 - CORRECT EMAIL - Commit #8
Tue Jul 28 21:32:24 UTC 2026 - CORRECT EMAIL - Commit #1
Tue Jul 28 21:32:24 UTC 2026 - CORRECT EMAIL - Commit #2
Tue Jul 28 21:32:24 UTC 2026 - CORRECT EMAIL - Commit #3
Tue Jul 28 21:32:24 UTC 2026 - CORRECT EMAIL - Commit #4
Tue Jul 28 21:32:24 UTC 2026 - CORRECT EMAIL - Commit #5
Tue Jul 28 21:32:24 UTC 2026 - CORRECT EMAIL - Commit #6
Tue Jul 28 21:32:24 UTC 2026 - CORRECT EMAIL - Commit #7
Tue Jul 28 21:32:24 UTC 2026 - CORRECT EMAIL - Commit #8
Wed Jul 29 21:12:28 UTC 2026 - CORRECT EMAIL - Commit #1
Wed Jul 29 21:12:28 UTC 2026 - CORRECT EMAIL - Commit #2
Wed Jul 29 21:12:28 UTC 2026 - CORRECT EMAIL - Commit #3
Wed Jul 29 21:12:28 UTC 2026 - CORRECT EMAIL - Commit #4
Wed Jul 29 21:12:28 UTC 2026 - CORRECT EMAIL - Commit #5
Wed Jul 29 21:12:28 UTC 2026 - CORRECT EMAIL - Commit #6
Wed Jul 29 21:12:28 UTC 2026 - CORRECT EMAIL - Commit #7
Wed Jul 29 21:12:28 UTC 2026 - CORRECT EMAIL - Commit #8
Thu Jul 30 21:32:13 UTC 2026 - CORRECT EMAIL - Commit #1
Thu Jul 30 21:32:13 UTC 2026 - CORRECT EMAIL - Commit #2
Thu Jul 30 21:32:13 UTC 2026 - CORRECT EMAIL - Commit #3
Thu Jul 30 21:32:13 UTC 2026 - CORRECT EMAIL - Commit #4
Thu Jul 30 21:32:13 UTC 2026 - CORRECT EMAIL - Commit #5
Thu Jul 30 21:32:13 UTC 2026 - CORRECT EMAIL - Commit #6
Thu Jul 30 21:32:13 UTC 2026 - CORRECT EMAIL - Commit #7
Thu Jul 30 21:32:13 UTC 2026 - CORRECT EMAIL - Commit #8
Fri Jul 31 21:28:00 UTC 2026 - CORRECT EMAIL - Commit #1
Fri Jul 31 21:28:00 UTC 2026 - CORRECT EMAIL - Commit #2
Fri Jul 31 21:28:00 UTC 2026 - CORRECT EMAIL - Commit #3
Fri Jul 31 21:28:00 UTC 2026 - CORRECT EMAIL - Commit #4
Fri Jul 31 21:28:00 UTC 2026 - CORRECT EMAIL - Commit #5
Fri Jul 31 21:28:00 UTC 2026 - CORRECT EMAIL - Commit #6
Fri Jul 31 21:28:00 UTC 2026 - CORRECT EMAIL - Commit #7
Fri Jul 31 21:28:00 UTC 2026 - CORRECT EMAIL - Commit #8
Sat Aug  1 21:09:10 UTC 2026 - CORRECT EMAIL - Commit #1
Sat Aug  1 21:09:10 UTC 2026 - CORRECT EMAIL - Commit #2
Sat Aug  1 21:09:10 UTC 2026 - CORRECT EMAIL - Commit #3
Sat Aug  1 21:09:10 UTC 2026 - CORRECT EMAIL - Commit #4
Sat Aug  1 21:09:10 UTC 2026 - CORRECT EMAIL - Commit #5
Sat Aug  1 21:09:10 UTC 2026 - CORRECT EMAIL - Commit #6
Sat Aug  1 21:09:10 UTC 2026 - CORRECT EMAIL - Commit #7
Sat Aug  1 21:09:10 UTC 2026 - CORRECT EMAIL - Commit #8
Sun Aug  2 21:10:23 UTC 2026 - CORRECT EMAIL - Commit #1
Sun Aug  2 21:10:23 UTC 2026 - CORRECT EMAIL - Commit #2
Sun Aug  2 21:10:23 UTC 2026 - CORRECT EMAIL - Commit #3
Sun Aug  2 21:10:24 UTC 2026 - CORRECT EMAIL - Commit #4
Sun Aug  2 21:10:24 UTC 2026 - CORRECT EMAIL - Commit #5
Sun Aug  2 21:10:24 UTC 2026 - CORRECT EMAIL - Commit #6
Sun Aug  2 21:10:24 UTC 2026 - CORRECT EMAIL - Commit #7
Sun Aug  2 21:10:24 UTC 2026 - CORRECT EMAIL - Commit #8
Mon Aug  3 21:30:05 UTC 2026 - CORRECT EMAIL - Commit #1
Mon Aug  3 21:30:05 UTC 2026 - CORRECT EMAIL - Commit #2
Mon Aug  3 21:30:05 UTC 2026 - CORRECT EMAIL - Commit #3
Mon Aug  3 21:30:05 UTC 2026 - CORRECT EMAIL - Commit #4
Mon Aug  3 21:30:05 UTC 2026 - CORRECT EMAIL - Commit #5
Mon Aug  3 21:30:05 UTC 2026 - CORRECT EMAIL - Commit #6
Mon Aug  3 21:30:05 UTC 2026 - CORRECT EMAIL - Commit #7
Mon Aug  3 21:30:05 UTC 2026 - CORRECT EMAIL - Commit #8
Tue Aug  4 21:35:57 UTC 2026 - CORRECT EMAIL - Commit #1
Tue Aug  4 21:35:57 UTC 2026 - CORRECT EMAIL - Commit #2
Tue Aug  4 21:35:57 UTC 2026 - CORRECT EMAIL - Commit #3
Tue Aug  4 21:35:57 UTC 2026 - CORRECT EMAIL - Commit #4
Tue Aug  4 21:35:57 UTC 2026 - CORRECT EMAIL - Commit #5
Tue Aug  4 21:35:57 UTC 2026 - CORRECT EMAIL - Commit #6
Tue Aug  4 21:35:57 UTC 2026 - CORRECT EMAIL - Commit #7
Tue Aug  4 21:35:57 UTC 2026 - CORRECT EMAIL - Commit #8
Wed Aug  5 21:32:24 UTC 2026 - CORRECT EMAIL - Commit #1
Wed Aug  5 21:32:24 UTC 2026 - CORRECT EMAIL - Commit #2
Wed Aug  5 21:32:24 UTC 2026 - CORRECT EMAIL - Commit #3
Wed Aug  5 21:32:24 UTC 2026 - CORRECT EMAIL - Commit #4
Wed Aug  5 21:32:24 UTC 2026 - CORRECT EMAIL - Commit #5
Wed Aug  5 21:32:24 UTC 2026 - CORRECT EMAIL - Commit #6
Wed Aug  5 21:32:24 UTC 2026 - CORRECT EMAIL - Commit #7
Wed Aug  5 21:32:24 UTC 2026 - CORRECT EMAIL - Commit #8
Fri Aug  7 00:55:12 UTC 2026 - CORRECT EMAIL - Commit #1
Fri Aug  7 00:55:12 UTC 2026 - CORRECT EMAIL - Commit #2
Fri Aug  7 00:55:12 UTC 2026 - CORRECT EMAIL - Commit #3
Fri Aug  7 00:55:12 UTC 2026 - CORRECT EMAIL - Commit #4
Fri Aug  7 00:55:12 UTC 2026 - CORRECT EMAIL - Commit #5
Fri Aug  7 00:55:12 UTC 2026 - CORRECT EMAIL - Commit #6
Fri Aug  7 00:55:12 UTC 2026 - CORRECT EMAIL - Commit #7
Fri Aug  7 00:55:12 UTC 2026 - CORRECT EMAIL - Commit #8
Fri Aug  7 20:58:42 UTC 2026 - CORRECT EMAIL - Commit #1
Fri Aug  7 20:58:42 UTC 2026 - CORRECT EMAIL - Commit #2
Fri Aug  7 20:58:42 UTC 2026 - CORRECT EMAIL - Commit #3
Fri Aug  7 20:58:43 UTC 2026 - CORRECT EMAIL - Commit #4
Fri Aug  7 20:58:43 UTC 2026 - CORRECT EMAIL - Commit #5
Fri Aug  7 20:58:43 UTC 2026 - CORRECT EMAIL - Commit #6
Fri Aug  7 20:58:43 UTC 2026 - CORRECT EMAIL - Commit #7
Fri Aug  7 20:58:43 UTC 2026 - CORRECT EMAIL - Commit #8
Sat Aug  8 20:48:01 UTC 2026 - CORRECT EMAIL - Commit #1
Sat Aug  8 20:48:01 UTC 2026 - CORRECT EMAIL - Commit #2
Sat Aug  8 20:48:01 UTC 2026 - CORRECT EMAIL - Commit #3
Sat Aug  8 20:48:01 UTC 2026 - CORRECT EMAIL - Commit #4
Sat Aug  8 20:48:01 UTC 2026 - CORRECT EMAIL - Commit #5
Sat Aug  8 20:48:01 UTC 2026 - CORRECT EMAIL - Commit #6
Sat Aug  8 20:48:01 UTC 2026 - CORRECT EMAIL - Commit #7
Sat Aug  8 20:48:01 UTC 2026 - CORRECT EMAIL - Commit #8
Sun Aug  9 20:51:39 UTC 2026 - CORRECT EMAIL - Commit #1
Sun Aug  9 20:51:39 UTC 2026 - CORRECT EMAIL - Commit #2
Sun Aug  9 20:51:39 UTC 2026 - CORRECT EMAIL - Commit #3
Sun Aug  9 20:51:39 UTC 2026 - CORRECT EMAIL - Commit #4
Sun Aug  9 20:51:39 UTC 2026 - CORRECT EMAIL - Commit #5
Sun Aug  9 20:51:39 UTC 2026 - CORRECT EMAIL - Commit #6
Sun Aug  9 20:51:39 UTC 2026 - CORRECT EMAIL - Commit #7
Sun Aug  9 20:51:39 UTC 2026 - CORRECT EMAIL - Commit #8
Mon Aug 10 21:02:10 UTC 2026 - CORRECT EMAIL - Commit #1
Mon Aug 10 21:02:10 UTC 2026 - CORRECT EMAIL - Commit #2
Mon Aug 10 21:02:10 UTC 2026 - CORRECT EMAIL - Commit #3
Mon Aug 10 21:02:10 UTC 2026 - CORRECT EMAIL - Commit #4
Mon Aug 10 21:02:10 UTC 2026 - CORRECT EMAIL - Commit #5
Mon Aug 10 21:02:10 UTC 2026 - CORRECT EMAIL - Commit #6
Mon Aug 10 21:02:10 UTC 2026 - CORRECT EMAIL - Commit #7
Mon Aug 10 21:02:10 UTC 2026 - CORRECT EMAIL - Commit #8
Tue Aug 11 21:04:12 UTC 2026 - CORRECT EMAIL - Commit #1
Tue Aug 11 21:04:12 UTC 2026 - CORRECT EMAIL - Commit #2
Tue Aug 11 21:04:12 UTC 2026 - CORRECT EMAIL - Commit #3
Tue Aug 11 21:04:12 UTC 2026 - CORRECT EMAIL - Commit #4
Tue Aug 11 21:04:12 UTC 2026 - CORRECT EMAIL - Commit #5
Tue Aug 11 21:04:12 UTC 2026 - CORRECT EMAIL - Commit #6
Tue Aug 11 21:04:12 UTC 2026 - CORRECT EMAIL - Commit #7
Tue Aug 11 21:04:12 UTC 2026 - CORRECT EMAIL - Commit #8
Wed Aug 12 21:02:38 UTC 2026 - CORRECT EMAIL - Commit #1
Wed Aug 12 21:02:38 UTC 2026 - CORRECT EMAIL - Commit #2
Wed Aug 12 21:02:38 UTC 2026 - CORRECT EMAIL - Commit #3
Wed Aug 12 21:02:38 UTC 2026 - CORRECT EMAIL - Commit #4
Wed Aug 12 21:02:38 UTC 2026 - CORRECT EMAIL - Commit #5
Wed Aug 12 21:02:38 UTC 2026 - CORRECT EMAIL - Commit #6
Wed Aug 12 21:02:38 UTC 2026 - CORRECT EMAIL - Commit #7
Wed Aug 12 21:02:38 UTC 2026 - CORRECT EMAIL - Commit #8
Thu Aug 13 21:03:22 UTC 2026 - CORRECT EMAIL - Commit #1
Thu Aug 13 21:03:22 UTC 2026 - CORRECT EMAIL - Commit #2
Thu Aug 13 21:03:22 UTC 2026 - CORRECT EMAIL - Commit #3
Thu Aug 13 21:03:22 UTC 2026 - CORRECT EMAIL - Commit #4
Thu Aug 13 21:03:22 UTC 2026 - CORRECT EMAIL - Commit #5
Thu Aug 13 21:03:22 UTC 2026 - CORRECT EMAIL - Commit #6
Thu Aug 13 21:03:22 UTC 2026 - CORRECT EMAIL - Commit #7
Thu Aug 13 21:03:22 UTC 2026 - CORRECT EMAIL - Commit #8
Fri Aug 14 20:45:31 UTC 2026 - CORRECT EMAIL - Commit #1
Fri Aug 14 20:45:31 UTC 2026 - CORRECT EMAIL - Commit #2
Fri Aug 14 20:45:31 UTC 2026 - CORRECT EMAIL - Commit #3
Fri Aug 14 20:45:31 UTC 2026 - CORRECT EMAIL - Commit #4
Fri Aug 14 20:45:31 UTC 2026 - CORRECT EMAIL - Commit #5
Fri Aug 14 20:45:31 UTC 2026 - CORRECT EMAIL - Commit #6
Fri Aug 14 20:45:31 UTC 2026 - CORRECT EMAIL - Commit #7
Fri Aug 14 20:45:31 UTC 2026 - CORRECT EMAIL - Commit #8
Sat Aug 15 20:39:02 UTC 2026 - CORRECT EMAIL - Commit #1
Sat Aug 15 20:39:02 UTC 2026 - CORRECT EMAIL - Commit #2
Sat Aug 15 20:39:02 UTC 2026 - CORRECT EMAIL - Commit #3
Sat Aug 15 20:39:02 UTC 2026 - CORRECT EMAIL - Commit #4
Sat Aug 15 20:39:02 UTC 2026 - CORRECT EMAIL - Commit #5
Sat Aug 15 20:39:02 UTC 2026 - CORRECT EMAIL - Commit #6
Sat Aug 15 20:39:02 UTC 2026 - CORRECT EMAIL - Commit #7
Sat Aug 15 20:39:02 UTC 2026 - CORRECT EMAIL - Commit #8
Sun Aug 16 20:37:35 UTC 2026 - CORRECT EMAIL - Commit #1
Sun Aug 16 20:37:35 UTC 2026 - CORRECT EMAIL - Commit #2
Sun Aug 16 20:37:35 UTC 2026 - CORRECT EMAIL - Commit #3
Sun Aug 16 20:37:35 UTC 2026 - CORRECT EMAIL - Commit #4
Sun Aug 16 20:37:35 UTC 2026 - CORRECT EMAIL - Commit #5
Sun Aug 16 20:37:35 UTC 2026 - CORRECT EMAIL - Commit #6
Sun Aug 16 20:37:35 UTC 2026 - CORRECT EMAIL - Commit #7
Sun Aug 16 20:37:35 UTC 2026 - CORRECT EMAIL - Commit #8
Mon Aug 17 20:43:25 UTC 2026 - CORRECT EMAIL - Commit #1
Mon Aug 17 20:43:25 UTC 2026 - CORRECT EMAIL - Commit #2
Mon Aug 17 20:43:25 UTC 2026 - CORRECT EMAIL - Commit #3
Mon Aug 17 20:43:25 UTC 2026 - CORRECT EMAIL - Commit #4
Mon Aug 17 20:43:25 UTC 2026 - CORRECT EMAIL - Commit #5
Mon Aug 17 20:43:25 UTC 2026 - CORRECT EMAIL - Commit #6
Mon Aug 17 20:43:25 UTC 2026 - CORRECT EMAIL - Commit #7
Mon Aug 17 20:43:25 UTC 2026 - CORRECT EMAIL - Commit #8
Tue Aug 18 20:40:39 UTC 2026 - CORRECT EMAIL - Commit #1
Tue Aug 18 20:40:39 UTC 2026 - CORRECT EMAIL - Commit #2
Tue Aug 18 20:40:39 UTC 2026 - CORRECT EMAIL - Commit #3
Tue Aug 18 20:40:39 UTC 2026 - CORRECT EMAIL - Commit #4
Tue Aug 18 20:40:39 UTC 2026 - CORRECT EMAIL - Commit #5
Tue Aug 18 20:40:39 UTC 2026 - CORRECT EMAIL - Commit #6
Tue Aug 18 20:40:39 UTC 2026 - CORRECT EMAIL - Commit #7
Tue Aug 18 20:40:39 UTC 2026 - CORRECT EMAIL - Commit #8
Wed Aug 19 20:45:32 UTC 2026 - CORRECT EMAIL - Commit #1
Wed Aug 19 20:45:32 UTC 2026 - CORRECT EMAIL - Commit #2
Wed Aug 19 20:45:32 UTC 2026 - CORRECT EMAIL - Commit #3
Wed Aug 19 20:45:32 UTC 2026 - CORRECT EMAIL - Commit #4
Wed Aug 19 20:45:32 UTC 2026 - CORRECT EMAIL - Commit #5
Wed Aug 19 20:45:32 UTC 2026 - CORRECT EMAIL - Commit #6
Wed Aug 19 20:45:32 UTC 2026 - CORRECT EMAIL - Commit #7
Wed Aug 19 20:45:32 UTC 2026 - CORRECT EMAIL - Commit #8
Thu Aug 20 20:46:20 UTC 2026 - CORRECT EMAIL - Commit #1
Thu Aug 20 20:46:20 UTC 2026 - CORRECT EMAIL - Commit #2
Thu Aug 20 20:46:20 UTC 2026 - CORRECT EMAIL - Commit #3
Thu Aug 20 20:46:20 UTC 2026 - CORRECT EMAIL - Commit #4
Thu Aug 20 20:46:20 UTC 2026 - CORRECT EMAIL - Commit #5
Thu Aug 20 20:46:20 UTC 2026 - CORRECT EMAIL - Commit #6
Thu Aug 20 20:46:20 UTC 2026 - CORRECT EMAIL - Commit #7
Thu Aug 20 20:46:20 UTC 2026 - CORRECT EMAIL - Commit #8
Fri Aug 21 20:41:12 UTC 2026 - CORRECT EMAIL - Commit #1
Fri Aug 21 20:41:12 UTC 2026 - CORRECT EMAIL - Commit #2
Fri Aug 21 20:41:12 UTC 2026 - CORRECT EMAIL - Commit #3
Fri Aug 21 20:41:12 UTC 2026 - CORRECT EMAIL - Commit #4
Fri Aug 21 20:41:12 UTC 2026 - CORRECT EMAIL - Commit #5
Fri Aug 21 20:41:12 UTC 2026 - CORRECT EMAIL - Commit #6
Fri Aug 21 20:41:12 UTC 2026 - CORRECT EMAIL - Commit #7
Fri Aug 21 20:41:12 UTC 2026 - CORRECT EMAIL - Commit #8
Sat Aug 22 20:39:37 UTC 2026 - CORRECT EMAIL - Commit #1
Sat Aug 22 20:39:37 UTC 2026 - CORRECT EMAIL - Commit #2
Sat Aug 22 20:39:37 UTC 2026 - CORRECT EMAIL - Commit #3
Sat Aug 22 20:39:37 UTC 2026 - CORRECT EMAIL - Commit #4
Sat Aug 22 20:39:37 UTC 2026 - CORRECT EMAIL - Commit #5
Sat Aug 22 20:39:37 UTC 2026 - CORRECT EMAIL - Commit #6
Sat Aug 22 20:39:37 UTC 2026 - CORRECT EMAIL - Commit #7
Sat Aug 22 20:39:37 UTC 2026 - CORRECT EMAIL - Commit #8
Sun Aug 23 20:38:40 UTC 2026 - CORRECT EMAIL - Commit #1
Sun Aug 23 20:38:40 UTC 2026 - CORRECT EMAIL - Commit #2
Sun Aug 23 20:38:40 UTC 2026 - CORRECT EMAIL - Commit #3
Sun Aug 23 20:38:40 UTC 2026 - CORRECT EMAIL - Commit #4
Sun Aug 23 20:38:40 UTC 2026 - CORRECT EMAIL - Commit #5
Sun Aug 23 20:38:40 UTC 2026 - CORRECT EMAIL - Commit #6
Sun Aug 23 20:38:40 UTC 2026 - CORRECT EMAIL - Commit #7
Sun Aug 23 20:38:40 UTC 2026 - CORRECT EMAIL - Commit #8
Mon Aug 24 20:48:17 UTC 2026 - CORRECT EMAIL - Commit #1
Mon Aug 24 20:48:17 UTC 2026 - CORRECT EMAIL - Commit #2
Mon Aug 24 20:48:17 UTC 2026 - CORRECT EMAIL - Commit #3
Mon Aug 24 20:48:17 UTC 2026 - CORRECT EMAIL - Commit #4
Mon Aug 24 20:48:17 UTC 2026 - CORRECT EMAIL - Commit #5
Mon Aug 24 20:48:17 UTC 2026 - CORRECT EMAIL - Commit #6
Mon Aug 24 20:48:17 UTC 2026 - CORRECT EMAIL - Commit #7
Mon Aug 24 20:48:17 UTC 2026 - CORRECT EMAIL - Commit #8
Tue Aug 25 20:46:04 UTC 2026 - CORRECT EMAIL - Commit #1
Tue Aug 25 20:46:04 UTC 2026 - CORRECT EMAIL - Commit #2
Tue Aug 25 20:46:04 UTC 2026 - CORRECT EMAIL - Commit #3
Tue Aug 25 20:46:04 UTC 2026 - CORRECT EMAIL - Commit #4
Tue Aug 25 20:46:04 UTC 2026 - CORRECT EMAIL - Commit #5
Tue Aug 25 20:46:04 UTC 2026 - CORRECT EMAIL - Commit #6
Tue Aug 25 20:46:04 UTC 2026 - CORRECT EMAIL - Commit #7
Tue Aug 25 20:46:04 UTC 2026 - CORRECT EMAIL - Commit #8
Wed Aug 26 23:33:02 UTC 2026 - CORRECT EMAIL - Commit #1
Wed Aug 26 23:33:02 UTC 2026 - CORRECT EMAIL - Commit #2
Wed Aug 26 23:33:02 UTC 2026 - CORRECT EMAIL - Commit #3
Wed Aug 26 23:33:02 UTC 2026 - CORRECT EMAIL - Commit #4
Wed Aug 26 23:33:02 UTC 2026 - CORRECT EMAIL - Commit #5
Wed Aug 26 23:33:02 UTC 2026 - CORRECT EMAIL - Commit #6
Wed Aug 26 23:33:02 UTC 2026 - CORRECT EMAIL - Commit #7
Wed Aug 26 23:33:02 UTC 2026 - CORRECT EMAIL - Commit #8
Fri Aug 28 04:22:13 UTC 2026 - CORRECT EMAIL - Commit #1
Fri Aug 28 04:22:13 UTC 2026 - CORRECT EMAIL - Commit #2
Fri Aug 28 04:22:13 UTC 2026 - CORRECT EMAIL - Commit #3
Fri Aug 28 04:22:13 UTC 2026 - CORRECT EMAIL - Commit #4
Fri Aug 28 04:22:13 UTC 2026 - CORRECT EMAIL - Commit #5
Fri Aug 28 04:22:13 UTC 2026 - CORRECT EMAIL - Commit #6
Fri Aug 28 04:22:13 UTC 2026 - CORRECT EMAIL - Commit #7
Fri Aug 28 04:22:13 UTC 2026 - CORRECT EMAIL - Commit #8
Sat Aug 29 02:48:48 UTC 2026 - CORRECT EMAIL - Commit #1
Sat Aug 29 02:48:48 UTC 2026 - CORRECT EMAIL - Commit #2
Sat Aug 29 02:48:48 UTC 2026 - CORRECT EMAIL - Commit #3
Sat Aug 29 02:48:48 UTC 2026 - CORRECT EMAIL - Commit #4
Sat Aug 29 02:48:48 UTC 2026 - CORRECT EMAIL - Commit #5
Sat Aug 29 02:48:48 UTC 2026 - CORRECT EMAIL - Commit #6
Sat Aug 29 02:48:48 UTC 2026 - CORRECT EMAIL - Commit #7
Sat Aug 29 02:48:48 UTC 2026 - CORRECT EMAIL - Commit #8
Sat Aug 29 22:39:38 UTC 2026 - CORRECT EMAIL - Commit #1
Sat Aug 29 22:39:38 UTC 2026 - CORRECT EMAIL - Commit #2
Sat Aug 29 22:39:38 UTC 2026 - CORRECT EMAIL - Commit #3
Sat Aug 29 22:39:38 UTC 2026 - CORRECT EMAIL - Commit #4
Sat Aug 29 22:39:38 UTC 2026 - CORRECT EMAIL - Commit #5
Sat Aug 29 22:39:38 UTC 2026 - CORRECT EMAIL - Commit #6
Sat Aug 29 22:39:38 UTC 2026 - CORRECT EMAIL - Commit #7
Sat Aug 29 22:39:38 UTC 2026 - CORRECT EMAIL - Commit #8
Sun Aug 30 22:44:01 UTC 2026 - CORRECT EMAIL - Commit #1
Sun Aug 30 22:44:01 UTC 2026 - CORRECT EMAIL - Commit #2
Sun Aug 30 22:44:01 UTC 2026 - CORRECT EMAIL - Commit #3
Sun Aug 30 22:44:01 UTC 2026 - CORRECT EMAIL - Commit #4
Sun Aug 30 22:44:01 UTC 2026 - CORRECT EMAIL - Commit #5
Sun Aug 30 22:44:01 UTC 2026 - CORRECT EMAIL - Commit #6
Sun Aug 30 22:44:01 UTC 2026 - CORRECT EMAIL - Commit #7
Sun Aug 30 22:44:01 UTC 2026 - CORRECT EMAIL - Commit #8
Mon Aug 31 23:50:56 UTC 2026 - CORRECT EMAIL - Commit #1
Mon Aug 31 23:50:56 UTC 2026 - CORRECT EMAIL - Commit #2
Mon Aug 31 23:50:56 UTC 2026 - CORRECT EMAIL - Commit #3
Mon Aug 31 23:50:56 UTC 2026 - CORRECT EMAIL - Commit #4
Mon Aug 31 23:50:56 UTC 2026 - CORRECT EMAIL - Commit #5
Mon Aug 31 23:50:56 UTC 2026 - CORRECT EMAIL - Commit #6
Mon Aug 31 23:50:56 UTC 2026 - CORRECT EMAIL - Commit #7
Mon Aug 31 23:50:56 UTC 2026 - CORRECT EMAIL - Commit #8
Tue Sep  1 22:36:37 UTC 2026 - CORRECT EMAIL - Commit #1
Tue Sep  1 22:36:37 UTC 2026 - CORRECT EMAIL - Commit #2
Tue Sep  1 22:36:37 UTC 2026 - CORRECT EMAIL - Commit #3
Tue Sep  1 22:36:37 UTC 2026 - CORRECT EMAIL - Commit #4
Tue Sep  1 22:36:37 UTC 2026 - CORRECT EMAIL - Commit #5
Tue Sep  1 22:36:37 UTC 2026 - CORRECT EMAIL - Commit #6
Tue Sep  1 22:36:37 UTC 2026 - CORRECT EMAIL - Commit #7
Tue Sep  1 22:36:37 UTC 2026 - CORRECT EMAIL - Commit #8
Wed Sep  2 22:38:57 UTC 2026 - CORRECT EMAIL - Commit #1
Wed Sep  2 22:38:57 UTC 2026 - CORRECT EMAIL - Commit #2
Wed Sep  2 22:38:57 UTC 2026 - CORRECT EMAIL - Commit #3
Wed Sep  2 22:38:57 UTC 2026 - CORRECT EMAIL - Commit #4
Wed Sep  2 22:38:57 UTC 2026 - CORRECT EMAIL - Commit #5
Wed Sep  2 22:38:57 UTC 2026 - CORRECT EMAIL - Commit #6
Wed Sep  2 22:38:57 UTC 2026 - CORRECT EMAIL - Commit #7
Wed Sep  2 22:38:57 UTC 2026 - CORRECT EMAIL - Commit #8
Thu Sep  3 22:34:56 UTC 2026 - CORRECT EMAIL - Commit #1
Thu Sep  3 22:34:56 UTC 2026 - CORRECT EMAIL - Commit #2
Thu Sep  3 22:34:56 UTC 2026 - CORRECT EMAIL - Commit #3
Thu Sep  3 22:34:56 UTC 2026 - CORRECT EMAIL - Commit #4
Thu Sep  3 22:34:56 UTC 2026 - CORRECT EMAIL - Commit #5
Thu Sep  3 22:34:57 UTC 2026 - CORRECT EMAIL - Commit #6
Thu Sep  3 22:34:57 UTC 2026 - CORRECT EMAIL - Commit #7
Thu Sep  3 22:34:57 UTC 2026 - CORRECT EMAIL - Commit #8
Fri Sep  4 22:21:00 UTC 2026 - CORRECT EMAIL - Commit #1
Fri Sep  4 22:21:00 UTC 2026 - CORRECT EMAIL - Commit #2
Fri Sep  4 22:21:00 UTC 2026 - CORRECT EMAIL - Commit #3
Fri Sep  4 22:21:00 UTC 2026 - CORRECT EMAIL - Commit #4
Fri Sep  4 22:21:00 UTC 2026 - CORRECT EMAIL - Commit #5
Fri Sep  4 22:21:00 UTC 2026 - CORRECT EMAIL - Commit #6
Fri Sep  4 22:21:00 UTC 2026 - CORRECT EMAIL - Commit #7
Fri Sep  4 22:21:00 UTC 2026 - CORRECT EMAIL - Commit #8
Sat Sep  5 22:03:19 UTC 2026 - CORRECT EMAIL - Commit #1
Sat Sep  5 22:03:19 UTC 2026 - CORRECT EMAIL - Commit #2
Sat Sep  5 22:03:19 UTC 2026 - CORRECT EMAIL - Commit #3
Sat Sep  5 22:03:20 UTC 2026 - CORRECT EMAIL - Commit #4
Sat Sep  5 22:03:20 UTC 2026 - CORRECT EMAIL - Commit #5
Sat Sep  5 22:03:20 UTC 2026 - CORRECT EMAIL - Commit #6
Sat Sep  5 22:03:20 UTC 2026 - CORRECT EMAIL - Commit #7
Sat Sep  5 22:03:20 UTC 2026 - CORRECT EMAIL - Commit #8
Sun Sep  6 22:07:25 UTC 2026 - CORRECT EMAIL - Commit #1
Sun Sep  6 22:07:25 UTC 2026 - CORRECT EMAIL - Commit #2
Sun Sep  6 22:07:25 UTC 2026 - CORRECT EMAIL - Commit #3
Sun Sep  6 22:07:25 UTC 2026 - CORRECT EMAIL - Commit #4
Sun Sep  6 22:07:25 UTC 2026 - CORRECT EMAIL - Commit #5
Sun Sep  6 22:07:25 UTC 2026 - CORRECT EMAIL - Commit #6
Sun Sep  6 22:07:25 UTC 2026 - CORRECT EMAIL - Commit #7
Sun Sep  6 22:07:25 UTC 2026 - CORRECT EMAIL - Commit #8
Mon Sep  7 22:50:25 UTC 2026 - CORRECT EMAIL - Commit #1
Mon Sep  7 22:50:25 UTC 2026 - CORRECT EMAIL - Commit #2
Mon Sep  7 22:50:25 UTC 2026 - CORRECT EMAIL - Commit #3
Mon Sep  7 22:50:25 UTC 2026 - CORRECT EMAIL - Commit #4
Mon Sep  7 22:50:25 UTC 2026 - CORRECT EMAIL - Commit #5
Mon Sep  7 22:50:25 UTC 2026 - CORRECT EMAIL - Commit #6
Mon Sep  7 22:50:25 UTC 2026 - CORRECT EMAIL - Commit #7
Mon Sep  7 22:50:25 UTC 2026 - CORRECT EMAIL - Commit #8
Tue Sep  8 22:40:40 UTC 2026 - CORRECT EMAIL - Commit #1
Tue Sep  8 22:40:40 UTC 2026 - CORRECT EMAIL - Commit #2
Tue Sep  8 22:40:40 UTC 2026 - CORRECT EMAIL - Commit #3
Tue Sep  8 22:40:40 UTC 2026 - CORRECT EMAIL - Commit #4
Tue Sep  8 22:40:40 UTC 2026 - CORRECT EMAIL - Commit #5
Tue Sep  8 22:40:40 UTC 2026 - CORRECT EMAIL - Commit #6
Tue Sep  8 22:40:40 UTC 2026 - CORRECT EMAIL - Commit #7
Tue Sep  8 22:40:40 UTC 2026 - CORRECT EMAIL - Commit #8
Wed Sep  9 22:33:31 UTC 2026 - CORRECT EMAIL - Commit #1
Wed Sep  9 22:33:31 UTC 2026 - CORRECT EMAIL - Commit #2
Wed Sep  9 22:33:31 UTC 2026 - CORRECT EMAIL - Commit #3
Wed Sep  9 22:33:31 UTC 2026 - CORRECT EMAIL - Commit #4
Wed Sep  9 22:33:31 UTC 2026 - CORRECT EMAIL - Commit #5
Wed Sep  9 22:33:31 UTC 2026 - CORRECT EMAIL - Commit #6
Wed Sep  9 22:33:31 UTC 2026 - CORRECT EMAIL - Commit #7
Wed Sep  9 22:33:31 UTC 2026 - CORRECT EMAIL - Commit #8
Thu Sep 10 22:35:37 UTC 2026 - CORRECT EMAIL - Commit #1
Thu Sep 10 22:35:37 UTC 2026 - CORRECT EMAIL - Commit #2
Thu Sep 10 22:35:37 UTC 2026 - CORRECT EMAIL - Commit #3
Thu Sep 10 22:35:37 UTC 2026 - CORRECT EMAIL - Commit #4
Thu Sep 10 22:35:37 UTC 2026 - CORRECT EMAIL - Commit #5
Thu Sep 10 22:35:37 UTC 2026 - CORRECT EMAIL - Commit #6
Thu Sep 10 22:35:37 UTC 2026 - CORRECT EMAIL - Commit #7
Thu Sep 10 22:35:37 UTC 2026 - CORRECT EMAIL - Commit #8
Fri Sep 11 22:35:25 UTC 2026 - CORRECT EMAIL - Commit #1
Fri Sep 11 22:35:25 UTC 2026 - CORRECT EMAIL - Commit #2
Fri Sep 11 22:35:25 UTC 2026 - CORRECT EMAIL - Commit #3
Fri Sep 11 22:35:25 UTC 2026 - CORRECT EMAIL - Commit #4
Fri Sep 11 22:35:25 UTC 2026 - CORRECT EMAIL - Commit #5
Fri Sep 11 22:35:25 UTC 2026 - CORRECT EMAIL - Commit #6
Fri Sep 11 22:35:25 UTC 2026 - CORRECT EMAIL - Commit #7
Fri Sep 11 22:35:25 UTC 2026 - CORRECT EMAIL - Commit #8
Sat Sep 12 22:17:46 UTC 2026 - CORRECT EMAIL - Commit #1
Sat Sep 12 22:17:46 UTC 2026 - CORRECT EMAIL - Commit #2
Sat Sep 12 22:17:46 UTC 2026 - CORRECT EMAIL - Commit #3
Sat Sep 12 22:17:46 UTC 2026 - CORRECT EMAIL - Commit #4
Sat Sep 12 22:17:46 UTC 2026 - CORRECT EMAIL - Commit #5
Sat Sep 12 22:17:46 UTC 2026 - CORRECT EMAIL - Commit #6
Sat Sep 12 22:17:46 UTC 2026 - CORRECT EMAIL - Commit #7
Sat Sep 12 22:17:46 UTC 2026 - CORRECT EMAIL - Commit #8
Sun Sep 13 22:24:36 UTC 2026 - CORRECT EMAIL - Commit #1
Sun Sep 13 22:24:36 UTC 2026 - CORRECT EMAIL - Commit #2
Sun Sep 13 22:24:36 UTC 2026 - CORRECT EMAIL - Commit #3
Sun Sep 13 22:24:36 UTC 2026 - CORRECT EMAIL - Commit #4
Sun Sep 13 22:24:36 UTC 2026 - CORRECT EMAIL - Commit #5
Sun Sep 13 22:24:36 UTC 2026 - CORRECT EMAIL - Commit #6
Sun Sep 13 22:24:36 UTC 2026 - CORRECT EMAIL - Commit #7
Sun Sep 13 22:24:36 UTC 2026 - CORRECT EMAIL - Commit #8
Mon Sep 14 23:07:38 UTC 2026 - CORRECT EMAIL - Commit #1
Mon Sep 14 23:07:38 UTC 2026 - CORRECT EMAIL - Commit #2
Mon Sep 14 23:07:38 UTC 2026 - CORRECT EMAIL - Commit #3
Mon Sep 14 23:07:38 UTC 2026 - CORRECT EMAIL - Commit #4
Mon Sep 14 23:07:38 UTC 2026 - CORRECT EMAIL - Commit #5
Mon Sep 14 23:07:38 UTC 2026 - CORRECT EMAIL - Commit #6
Mon Sep 14 23:07:38 UTC 2026 - CORRECT EMAIL - Commit #7
Mon Sep 14 23:07:38 UTC 2026 - CORRECT EMAIL - Commit #8
Tue Sep 15 22:53:48 UTC 2026 - CORRECT EMAIL - Commit #1
Tue Sep 15 22:53:48 UTC 2026 - CORRECT EMAIL - Commit #2
Tue Sep 15 22:53:48 UTC 2026 - CORRECT EMAIL - Commit #3
Tue Sep 15 22:53:48 UTC 2026 - CORRECT EMAIL - Commit #4
Tue Sep 15 22:53:48 UTC 2026 - CORRECT EMAIL - Commit #5
Tue Sep 15 22:53:48 UTC 2026 - CORRECT EMAIL - Commit #6
Tue Sep 15 22:53:48 UTC 2026 - CORRECT EMAIL - Commit #7
Tue Sep 15 22:53:48 UTC 2026 - CORRECT EMAIL - Commit #8
2026-09-16 10:41:16 UTC - Daily activity recorded
Wed Sep 16 10:51:51 UTC 2026 - Commit number 1
Wed Sep 16 10:51:51 UTC 2026 - Commit number 2
Wed Sep 16 10:51:51 UTC 2026 - Commit number 3
Wed Sep 16 10:51:51 UTC 2026 - Commit number 4
Wed Sep 16 10:51:51 UTC 2026 - Commit number 5
Wed Sep 16 10:51:51 UTC 2026 - Commit number 6
Wed Sep 16 10:51:51 UTC 2026 - Commit number 7
Wed Sep 16 10:51:51 UTC 2026 - Commit number 8
2026-09-16 11:00:19 UTC - Daily activity #1
2026-09-16 11:00:19 UTC - Daily activity #2
2026-09-16 11:00:19 UTC - Daily activity #3
2026-09-16 11:00:19 UTC - Daily activity #4
2026-09-16 11:00:19 UTC - Daily activity #5
2026-09-16 11:00:19 UTC - Daily activity #6
2026-09-16 11:00:19 UTC - Daily activity #7
2026-09-16 11:00:19 UTC - Daily activity #8
2026-09-16 20:26:58 UTC - Daily activity #1
2026-09-16 20:26:58 UTC - Daily activity #2
2026-09-16 20:26:58 UTC - Daily activity #3
2026-09-16 20:26:58 UTC - Daily activity #4
2026-09-16 20:26:58 UTC - Daily activity #5
2026-09-16 20:26:58 UTC - Daily activity #6
2026-09-16 20:26:58 UTC - Daily activity #7
2026-09-16 20:26:58 UTC - Daily activity #8
2026-09-17 20:26:52 UTC - Daily activity #1
2026-09-17 20:26:52 UTC - Daily activity #2
2026-09-17 20:26:52 UTC - Daily activity #3
2026-09-17 20:26:52 UTC - Daily activity #4
2026-09-17 20:26:52 UTC - Daily activity #5
2026-09-17 20:26:52 UTC - Daily activity #6
2026-09-17 20:26:52 UTC - Daily activity #7
2026-09-17 20:26:52 UTC - Daily activity #8
2026-09-18 20:25:31 UTC - Daily activity #1
2026-09-18 20:25:31 UTC - Daily activity #2
2026-09-18 20:25:31 UTC - Daily activity #3
2026-09-18 20:25:31 UTC - Daily activity #4
2026-09-18 20:25:31 UTC - Daily activity #5
2026-09-18 20:25:31 UTC - Daily activity #6
2026-09-18 20:25:31 UTC - Daily activity #7
2026-09-18 20:25:31 UTC - Daily activity #8
2026-09-19 20:24:52 UTC - Daily activity #1
2026-09-19 20:24:52 UTC - Daily activity #2
2026-09-19 20:24:52 UTC - Daily activity #3
2026-09-19 20:24:52 UTC - Daily activity #4
2026-09-19 20:24:52 UTC - Daily activity #5
2026-09-19 20:24:52 UTC - Daily activity #6
2026-09-19 20:24:52 UTC - Daily activity #7
2026-09-19 20:24:52 UTC - Daily activity #8
